2026-05-10 19:32:42,990 [INFO] ==================================================
2026-05-10 19:32:42,990 [INFO] DEMARRAGE API OPENWEATHER
2026-05-10 19:32:42,990 [INFO] ==================================================
2026-05-10 19:32:42,990 [INFO] Récupération météo : Biarritz
2026-05-10 19:32:50,691 [ERROR]   -> ECHEC Biarritz : 401 Client Error: Unauthorized for url: https://api.openweathermap.org/data/2.5/weather?q=Biarritz%2CFR&appid=f0b79302124ec099e2464405aa0cee32&units=metric&lang=fr
2026-05-10 19:32:50,712 [INFO] Récupération météo : Hossegor
2026-05-10 19:32:50,938 [ERROR]   -> ECHEC Hossegor : 401 Client Error: Unauthorized for url: https://api.openweathermap.org/data/2.5/weather?q=Hossegor%2CFR&appid=f0b79302124ec099e2464405aa0cee32&units=metric&lang=fr
2026-05-10 19:32:50,939 [INFO] Récupération météo : Lacanau
2026-05-10 19:32:51,088 [ERROR]   -> ECHEC Lacanau : 401 Client Error: Unauthorized for url: https://api.openweathermap.org/data/2.5/weather?q=Lacanau%2CFR&appid=f0b79302124ec099e2464405aa0cee32&units=metric&lang=fr
2026-05-10 19:32:51,089 [INFO] Récupération météo : Montpellier
2026-05-10 19:32:51,275 [ERROR]   -> ECHEC Montpellier : 401 Client Error: Unauthorized for url: https://api.openweathermap.org/data/2.5/weather?q=Montpellier%2CFR&appid=f0b79302124ec099e2464405aa0cee32&units=metric&lang=fr
2026-05-10 19:32:51,276 [INFO] Récupération météo : Bordeaux
2026-05-10 19:32:51,482 [ERROR]   -> ECHEC Bordeaux : 401 Client Error: Unauthorized for url: https://api.openweathermap.org/data/2.5/weather?q=Bordeaux%2CFR&appid=f0b79302124ec099e2464405aa0cee32&units=metric&lang=fr
2026-05-10 19:32:51,485 [INFO] ==================================================
2026-05-10 19:32:51,487 [INFO] TERMINE : 0 spots -> data/raw/meteo.json
2026-05-10 19:32:51,487 [INFO] ==================================================
2026-05-10 19:38:36,171 [INFO] ==================================================
2026-05-10 19:38:36,172 [INFO] DEMARRAGE API OPENWEATHER
2026-05-10 19:38:36,172 [INFO] ==================================================
2026-05-10 19:38:36,172 [INFO] Récupération météo : Biarritz
2026-05-10 19:38:36,540 [ERROR]   -> ECHEC Biarritz : 401 Client Error: Unauthorized for url: https://api.openweathermap.org/data/2.5/weather?q=Biarritz%2CFR&appid=6a4bcc8f1367e04f5f10443845dfed8b&units=metric&lang=fr
2026-05-10 19:38:36,541 [INFO] Récupération météo : Hossegor
2026-05-10 19:38:36,779 [ERROR]   -> ECHEC Hossegor : 401 Client Error: Unauthorized for url: https://api.openweathermap.org/data/2.5/weather?q=Hossegor%2CFR&appid=6a4bcc8f1367e04f5f10443845dfed8b&units=metric&lang=fr
2026-05-10 19:38:36,780 [INFO] Récupération météo : Lacanau
2026-05-10 19:38:37,058 [ERROR]   -> ECHEC Lacanau : 401 Client Error: Unauthorized for url: https://api.openweathermap.org/data/2.5/weather?q=Lacanau%2CFR&appid=6a4bcc8f1367e04f5f10443845dfed8b&units=metric&lang=fr
2026-05-10 19:38:37,059 [INFO] Récupération météo : Montpellier
2026-05-10 19:38:37,299 [ERROR]   -> ECHEC Montpellier : 401 Client Error: Unauthorized for url: https://api.openweathermap.org/data/2.5/weather?q=Montpellier%2CFR&appid=6a4bcc8f1367e04f5f10443845dfed8b&units=metric&lang=fr
2026-05-10 19:38:37,300 [INFO] Récupération météo : Bordeaux
2026-05-10 19:38:37,540 [ERROR]   -> ECHEC Bordeaux : 401 Client Error: Unauthorized for url: https://api.openweathermap.org/data/2.5/weather?q=Bordeaux%2CFR&appid=6a4bcc8f1367e04f5f10443845dfed8b&units=metric&lang=fr
2026-05-10 19:38:37,546 [INFO] ==================================================
2026-05-10 19:38:37,547 [INFO] TERMINE : 0 spots -> data/raw/meteo.json
2026-05-10 19:38:37,548 [INFO] ==================================================
2026-05-10 19:39:01,382 [INFO] ==================================================
2026-05-10 19:39:01,383 [INFO] DEMARRAGE API OPENWEATHER
2026-05-10 19:39:01,383 [INFO] ==================================================
2026-05-10 19:39:01,383 [INFO] Récupération météo : Biarritz
2026-05-10 19:39:01,700 [ERROR]   -> ECHEC Biarritz : 401 Client Error: Unauthorized for url: https://api.openweathermap.org/data/2.5/weather?q=Biarritz%2CFR&appid=f0b79302124ec099e2464405aa0cee32&units=metric&lang=fr
2026-05-10 19:39:01,701 [INFO] Récupération météo : Hossegor
2026-05-10 19:39:01,898 [ERROR]   -> ECHEC Hossegor : 401 Client Error: Unauthorized for url: https://api.openweathermap.org/data/2.5/weather?q=Hossegor%2CFR&appid=f0b79302124ec099e2464405aa0cee32&units=metric&lang=fr
2026-05-10 19:39:01,899 [INFO] Récupération météo : Lacanau
2026-05-10 19:39:02,138 [ERROR]   -> ECHEC Lacanau : 401 Client Error: Unauthorized for url: https://api.openweathermap.org/data/2.5/weather?q=Lacanau%2CFR&appid=f0b79302124ec099e2464405aa0cee32&units=metric&lang=fr
2026-05-10 19:39:02,139 [INFO] Récupération météo : Montpellier
2026-05-10 19:39:02,381 [ERROR]   -> ECHEC Montpellier : 401 Client Error: Unauthorized for url: https://api.openweathermap.org/data/2.5/weather?q=Montpellier%2CFR&appid=f0b79302124ec099e2464405aa0cee32&units=metric&lang=fr
2026-05-10 19:39:02,381 [INFO] Récupération météo : Bordeaux
2026-05-10 19:39:02,619 [ERROR]   -> ECHEC Bordeaux : 401 Client Error: Unauthorized for url: https://api.openweathermap.org/data/2.5/weather?q=Bordeaux%2CFR&appid=f0b79302124ec099e2464405aa0cee32&units=metric&lang=fr
2026-05-10 19:39:02,627 [INFO] ==================================================
2026-05-10 19:39:02,628 [INFO] TERMINE : 0 spots -> data/raw/meteo.json
2026-05-10 19:39:02,628 [INFO] ==================================================
2026-05-10 19:40:05,188 [INFO] ==================================================
2026-05-10 19:40:05,189 [INFO] DEMARRAGE API OPENWEATHER
2026-05-10 19:40:05,189 [INFO] ==================================================
2026-05-10 19:40:05,190 [INFO] Récupération météo : Biarritz
2026-05-10 19:40:05,504 [ERROR]   -> ECHEC Biarritz : 401 Client Error: Unauthorized for url: https://api.openweathermap.org/data/2.5/weather?q=Biarritz%2CFR&appid=f0b79302124ec099e2464405aa0cee32&units=metric&lang=fr
2026-05-10 19:40:05,506 [INFO] Récupération météo : Hossegor
2026-05-10 19:40:05,734 [ERROR]   -> ECHEC Hossegor : 401 Client Error: Unauthorized for url: https://api.openweathermap.org/data/2.5/weather?q=Hossegor%2CFR&appid=f0b79302124ec099e2464405aa0cee32&units=metric&lang=fr
2026-05-10 19:40:05,735 [INFO] Récupération météo : Lacanau
2026-05-10 19:40:05,983 [ERROR]   -> ECHEC Lacanau : 401 Client Error: Unauthorized for url: https://api.openweathermap.org/data/2.5/weather?q=Lacanau%2CFR&appid=f0b79302124ec099e2464405aa0cee32&units=metric&lang=fr
2026-05-10 19:40:05,983 [INFO] Récupération météo : Montpellier
2026-05-10 19:40:06,215 [ERROR]   -> ECHEC Montpellier : 401 Client Error: Unauthorized for url: https://api.openweathermap.org/data/2.5/weather?q=Montpellier%2CFR&appid=f0b79302124ec099e2464405aa0cee32&units=metric&lang=fr
2026-05-10 19:40:06,215 [INFO] Récupération météo : Bordeaux
2026-05-10 19:40:06,435 [ERROR]   -> ECHEC Bordeaux : 401 Client Error: Unauthorized for url: https://api.openweathermap.org/data/2.5/weather?q=Bordeaux%2CFR&appid=f0b79302124ec099e2464405aa0cee32&units=metric&lang=fr
2026-05-10 19:40:06,439 [INFO] ==================================================
2026-05-10 19:40:06,440 [INFO] TERMINE : 0 spots -> data/raw/meteo.json
2026-05-10 19:40:06,440 [INFO] ==================================================
2026-05-10 19:41:41,335 [INFO] ==================================================
2026-05-10 19:41:41,337 [INFO] DEMARRAGE API OPENWEATHER
2026-05-10 19:41:41,337 [INFO] ==================================================
2026-05-10 19:41:41,337 [INFO] Récupération météo : Biarritz
2026-05-10 19:41:41,702 [ERROR]   -> ECHEC Biarritz : 401 Client Error: Unauthorized for url: https://api.openweathermap.org/data/2.5/weather?q=Biarritz%2CFR&appid=f0b79302124ec099e2464405aa0cee32&units=metric&lang=fr
2026-05-10 19:41:41,704 [INFO] Récupération météo : Hossegor
2026-05-10 19:41:41,947 [ERROR]   -> ECHEC Hossegor : 401 Client Error: Unauthorized for url: https://api.openweathermap.org/data/2.5/weather?q=Hossegor%2CFR&appid=f0b79302124ec099e2464405aa0cee32&units=metric&lang=fr
2026-05-10 19:41:41,948 [INFO] Récupération météo : Lacanau
2026-05-10 19:41:42,196 [ERROR]   -> ECHEC Lacanau : 401 Client Error: Unauthorized for url: https://api.openweathermap.org/data/2.5/weather?q=Lacanau%2CFR&appid=f0b79302124ec099e2464405aa0cee32&units=metric&lang=fr
2026-05-10 19:41:42,198 [INFO] Récupération météo : Montpellier
2026-05-10 19:41:42,411 [ERROR]   -> ECHEC Montpellier : 401 Client Error: Unauthorized for url: https://api.openweathermap.org/data/2.5/weather?q=Montpellier%2CFR&appid=f0b79302124ec099e2464405aa0cee32&units=metric&lang=fr
2026-05-10 19:41:42,412 [INFO] Récupération météo : Bordeaux
2026-05-10 19:41:42,638 [ERROR]   -> ECHEC Bordeaux : 401 Client Error: Unauthorized for url: https://api.openweathermap.org/data/2.5/weather?q=Bordeaux%2CFR&appid=f0b79302124ec099e2464405aa0cee32&units=metric&lang=fr
2026-05-10 19:41:42,643 [INFO] ==================================================
2026-05-10 19:41:42,643 [INFO] TERMINE : 0 spots -> data/raw/meteo.json
2026-05-10 19:41:42,643 [INFO] ==================================================
2026-05-10 19:42:35,290 [INFO] ==================================================
2026-05-10 19:42:35,293 [INFO] DEMARRAGE API OPENWEATHER
2026-05-10 19:42:35,293 [INFO] ==================================================
2026-05-10 19:42:35,293 [INFO] Récupération météo : Biarritz
2026-05-10 19:42:35,793 [ERROR]   -> ECHEC Biarritz : 401 Client Error: Unauthorized for url: https://api.openweathermap.org/data/2.5/weather?q=Biarritz%2CFR&appid=f0b79302124ec099e2464405aa0cee32&units=metric&lang=fr
2026-05-10 19:42:35,795 [INFO] Récupération météo : Hossegor
2026-05-10 19:42:36,000 [ERROR]   -> ECHEC Hossegor : 401 Client Error: Unauthorized for url: https://api.openweathermap.org/data/2.5/weather?q=Hossegor%2CFR&appid=f0b79302124ec099e2464405aa0cee32&units=metric&lang=fr
2026-05-10 19:42:36,001 [INFO] Récupération météo : Lacanau
2026-05-10 19:42:36,234 [ERROR]   -> ECHEC Lacanau : 401 Client Error: Unauthorized for url: https://api.openweathermap.org/data/2.5/weather?q=Lacanau%2CFR&appid=f0b79302124ec099e2464405aa0cee32&units=metric&lang=fr
2026-05-10 19:42:36,235 [INFO] Récupération météo : Montpellier
2026-05-10 19:42:36,450 [ERROR]   -> ECHEC Montpellier : 401 Client Error: Unauthorized for url: https://api.openweathermap.org/data/2.5/weather?q=Montpellier%2CFR&appid=f0b79302124ec099e2464405aa0cee32&units=metric&lang=fr
2026-05-10 19:42:36,451 [INFO] Récupération météo : Bordeaux
2026-05-10 19:42:36,693 [ERROR]   -> ECHEC Bordeaux : 401 Client Error: Unauthorized for url: https://api.openweathermap.org/data/2.5/weather?q=Bordeaux%2CFR&appid=f0b79302124ec099e2464405aa0cee32&units=metric&lang=fr
2026-05-10 19:42:36,697 [INFO] ==================================================
2026-05-10 19:42:36,698 [INFO] TERMINE : 0 spots -> data/raw/meteo.json
2026-05-10 19:42:36,698 [INFO] ==================================================
2026-05-10 23:44:25,155 [INFO] ==================================================
2026-05-10 23:44:25,156 [INFO] DEMARRAGE API OPENWEATHER
2026-05-10 23:44:25,158 [INFO] ==================================================
2026-05-10 23:44:25,159 [INFO] Récupération météo : Biarritz
2026-05-10 23:44:25,726 [INFO]   -> OK : peu nuageux | 12.12°C | vent 2.06 m/s
2026-05-10 23:44:25,729 [INFO] Récupération météo : Hossegor
2026-05-10 23:44:25,962 [ERROR]   -> ECHEC Hossegor : 404 Client Error: Not Found for url: https://api.openweathermap.org/data/2.5/weather?q=Hossegor%2CFR&appid=f0b79302124ec099e2464405aa0cee32&units=metric&lang=fr
2026-05-10 23:44:25,964 [INFO] Récupération météo : Lacanau
2026-05-10 23:44:26,196 [INFO]   -> OK : couvert | 14.69°C | vent 2.02 m/s
2026-05-10 23:44:26,199 [INFO] Récupération météo : Montpellier
2026-05-10 23:44:26,382 [INFO]   -> OK : couvert | 17.5°C | vent 8.75 m/s
2026-05-10 23:44:26,383 [INFO] Récupération météo : Bordeaux
2026-05-10 23:44:26,555 [INFO]   -> OK : ciel dégagé | 15.15°C | vent 2.57 m/s
2026-05-10 23:44:26,559 [INFO] ==================================================
2026-05-10 23:44:26,560 [INFO] TERMINE : 4 spots -> data/raw/meteo.json
2026-05-10 23:44:26,560 [INFO] ==================================================
2026-05-10 23:48:24,880 [INFO] ==================================================
2026-05-10 23:48:24,881 [INFO] DEMARRAGE API OPENWEATHER - PREVISIONS 5 JOURS
2026-05-10 23:48:24,882 [INFO] ==================================================
2026-05-10 23:48:24,882 [INFO] Récupération prévisions : Biarritz
2026-05-10 23:48:25,250 [INFO]   -> OK : 40 créneaux récupérés sur 5 jours
2026-05-10 23:48:25,251 [INFO] Récupération prévisions : Lacanau
2026-05-10 23:48:25,490 [INFO]   -> OK : 40 créneaux récupérés sur 5 jours
2026-05-10 23:48:25,490 [INFO] Récupération prévisions : Capbreton
2026-05-10 23:48:25,735 [INFO]   -> OK : 40 créneaux récupérés sur 5 jours
2026-05-10 23:48:25,736 [INFO] Récupération prévisions : Hendaye
2026-05-10 23:48:25,990 [INFO]   -> OK : 40 créneaux récupérés sur 5 jours
2026-05-10 23:48:25,990 [INFO] Récupération prévisions : Bayonne
2026-05-10 23:48:26,283 [INFO]   -> OK : 40 créneaux récupérés sur 5 jours
2026-05-10 23:48:26,292 [INFO] ==================================================
2026-05-10 23:48:26,292 [INFO] TERMINE : 5 spots -> data/raw/meteo.json
2026-05-10 23:48:26,292 [INFO] ==================================================
2026-05-10 23:50:39,389 [INFO] ==================================================
2026-05-10 23:50:39,389 [INFO] DEMARRAGE API OPENWEATHER - PREVISIONS 5 JOURS
2026-05-10 23:50:39,389 [INFO] ==================================================
2026-05-10 23:50:39,390 [INFO] Récupération prévisions : Biarritz
2026-05-10 23:50:39,752 [INFO]   -> OK : 40 créneaux récupérés sur 5 jours
2026-05-10 23:50:39,752 [INFO] Récupération prévisions : Lacanau
2026-05-10 23:50:40,060 [INFO]   -> OK : 40 créneaux récupérés sur 5 jours
2026-05-10 23:50:40,061 [INFO] Récupération prévisions : Capbreton
2026-05-10 23:50:40,435 [INFO]   -> OK : 40 créneaux récupérés sur 5 jours
2026-05-10 23:50:40,435 [INFO] Récupération prévisions : Hendaye
2026-05-10 23:50:40,676 [INFO]   -> OK : 40 créneaux récupérés sur 5 jours
2026-05-10 23:50:40,677 [INFO] Récupération prévisions : Bayonne
2026-05-10 23:50:40,948 [INFO]   -> OK : 40 créneaux récupérés sur 5 jours
2026-05-10 23:50:40,956 [INFO] ==================================================
2026-05-10 23:50:40,956 [INFO] TERMINE : 5 spots -> data/raw/meteo.json
2026-05-10 23:50:40,956 [INFO] ==================================================
2026-05-11 13:09:36,759 [INFO] ==================================================
2026-05-11 13:09:36,760 [INFO] DEMARRAGE API OPENWEATHER - PREVISIONS 5 JOURS
2026-05-11 13:09:36,760 [INFO] ==================================================
2026-05-11 13:09:36,760 [INFO] Récupération prévisions : Lacanau
2026-05-11 13:09:37,306 [INFO]   -> OK : 40 créneaux récupérés sur 5 jours
2026-05-11 13:09:37,306 [INFO] Récupération prévisions : Hossegor
2026-05-11 13:09:37,613 [ERROR]   -> ECHEC Hossegor : 404 Client Error: Not Found for url: https://api.openweathermap.org/data/2.5/forecast?q=Hossegor%2CFR&appid=f0b79302124ec099e2464405aa0cee32&units=metric&lang=fr&cnt=40
2026-05-11 13:09:37,615 [INFO] Récupération prévisions : Capbreton
2026-05-11 13:09:37,831 [INFO]   -> OK : 40 créneaux récupérés sur 5 jours
2026-05-11 13:09:37,832 [INFO] Récupération prévisions : Biscarrosse
2026-05-11 13:09:38,042 [INFO]   -> OK : 40 créneaux récupérés sur 5 jours
2026-05-11 13:09:38,043 [INFO] Récupération prévisions : Mimizan
2026-05-11 13:09:38,255 [INFO]   -> OK : 40 créneaux récupérés sur 5 jours
2026-05-11 13:09:38,255 [INFO] Récupération prévisions : Seignosse
2026-05-11 13:09:38,483 [INFO]   -> OK : 40 créneaux récupérés sur 5 jours
2026-05-11 13:09:38,484 [INFO] Récupération prévisions : Anglet
2026-05-11 13:09:38,720 [INFO]   -> OK : 40 créneaux récupérés sur 5 jours
2026-05-11 13:09:38,730 [INFO] ==================================================
2026-05-11 13:09:38,731 [INFO] TERMINE : 6 spots -> data/raw/meteo.json
2026-05-11 13:09:38,731 [INFO] ==================================================
2026-05-11 13:11:09,237 [INFO] ==================================================
2026-05-11 13:11:09,238 [INFO] DEMARRAGE API OPENWEATHER - PREVISIONS 5 JOURS
2026-05-11 13:11:09,239 [INFO] ==================================================
2026-05-11 13:11:09,239 [INFO] Récupération prévisions : Lacanau
2026-05-11 13:11:09,599 [INFO]   -> OK : 40 créneaux récupérés sur 5 jours
2026-05-11 13:11:09,599 [INFO] Récupération prévisions : Hossegor
2026-05-11 13:11:09,798 [INFO]   -> OK : 40 créneaux récupérés sur 5 jours
2026-05-11 13:11:09,799 [INFO] Récupération prévisions : Capbreton
2026-05-11 13:11:10,043 [INFO]   -> OK : 40 créneaux récupérés sur 5 jours
2026-05-11 13:11:10,051 [INFO] Récupération prévisions : Biscarrosse
2026-05-11 13:11:10,247 [INFO]   -> OK : 40 créneaux récupérés sur 5 jours
2026-05-11 13:11:10,247 [INFO] Récupération prévisions : Mimizan
2026-05-11 13:11:10,516 [INFO]   -> OK : 40 créneaux récupérés sur 5 jours
2026-05-11 13:11:10,516 [INFO] Récupération prévisions : Seignosse
2026-05-11 13:11:10,807 [INFO]   -> OK : 40 créneaux récupérés sur 5 jours
2026-05-11 13:11:10,808 [INFO] Récupération prévisions : Anglet
2026-05-11 13:11:11,078 [INFO]   -> OK : 40 créneaux récupérés sur 5 jours
2026-05-11 13:11:11,104 [INFO] ==================================================
2026-05-11 13:11:11,104 [INFO] TERMINE : 7 spots -> data/raw/meteo.json
2026-05-11 13:11:11,105 [INFO] ==================================================
2026-05-11 13:27:50,344 [INFO] ==================================================
2026-05-11 13:27:50,344 [INFO] DEMARRAGE API OPENWEATHER - PREVISIONS 5 JOURS
2026-05-11 13:27:50,345 [INFO] ==================================================
2026-05-11 13:27:50,345 [INFO] Récupération prévisions : Lacanau
2026-05-11 13:27:50,809 [INFO]   -> OK : 40 créneaux récupérés sur 5 jours
2026-05-11 13:27:50,809 [INFO] Récupération prévisions : Hossegor
2026-05-11 13:27:51,090 [INFO]   -> OK : 40 créneaux récupérés sur 5 jours
2026-05-11 13:27:51,090 [INFO] Récupération prévisions : Capbreton
2026-05-11 13:27:51,332 [INFO]   -> OK : 40 créneaux récupérés sur 5 jours
2026-05-11 13:27:51,332 [INFO] Récupération prévisions : Biscarrosse
2026-05-11 13:27:51,572 [INFO]   -> OK : 40 créneaux récupérés sur 5 jours
2026-05-11 13:27:51,572 [INFO] Récupération prévisions : Mimizan
2026-05-11 13:27:51,762 [INFO]   -> OK : 40 créneaux récupérés sur 5 jours
2026-05-11 13:27:51,762 [INFO] Récupération prévisions : Seignosse
2026-05-11 13:27:52,049 [INFO]   -> OK : 40 créneaux récupérés sur 5 jours
2026-05-11 13:27:52,049 [INFO] Récupération prévisions : Anglet
2026-05-11 13:27:52,313 [INFO]   -> OK : 40 créneaux récupérés sur 5 jours
2026-05-11 13:27:52,334 [INFO] Brut sauvegardé -> data/raw/meteo.json
2026-05-11 13:27:52,351 [INFO] Cleaned sauvegardé -> data/cleaned/meteo_cleaned.json
2026-05-11 13:27:52,351 [INFO] ==================================================
2026-05-11 13:27:52,352 [INFO] TERMINE : 7 spots
2026-05-11 13:27:52,352 [INFO] ==================================================
